// Vitest Snapshot v1, https://vitest.dev/guide/snapshot.html

exports[`Home component > renders Home component correctly 1`] = `undefined`;
