// Vitest Snapshot v1, https://vitest.dev/guide/snapshot.html

exports[`NotFound component > renders NotFound component correctly 1`] = `undefined`;
